        VERSION

                PASS


        UPDATE SYSTEM

                PASS


        NEWS SYSTEM

                PASS


        CONFIGURATION

                PASS


        GITHUB CONNECTIVITY

                PASS


        RELEASE CHANNEL

                PASS


        INSTALLATION

                PASS


        GO VERSION

                PASS


        STATUS

                HEALTHY

