        VERSION

                PASS


        UPDATE SYSTEM

                PASS


        NEWS SYSTEM

                PASS


        CONFIGURATION

                PASS


        GITHUB CONNECTIVITY

                PASS


        RELEASE CHANNEL

                PASS


        MULTIPLE BINARIES

                PASS


        ACTIVE EXECUTABLE

                PASS


        INSTALLATION METHOD

                WARNING


        GO VERSION

                PASS


        STATUS

                NOT READY

