        CURRENT VERSION

                v0.5.1


        TARGET VERSION

                v0.4.0


        RELEASE CHANNEL

                stable


        NEWS
                NOT VERIFIED (no news available for v0.4.0)


        ACTION SUMMARY

                DOWNGRADE to v0.4.0


        READY TO INSTALL
