        CURRENT VERSION

                {{CURRENT_VERSION}}


        ACTIVE EXECUTABLE

                {{ACTIVE_EXECUTABLE}}


        INSTALLATION METHOD

                UNKNOWN INSTALLATION


        TARGET VERSION

                v0.4.0


        RELEASE CHANNEL

                stable


        NEWS
                NOT VERIFIED (no news available for v0.4.0)


        ACTION SUMMARY

                ROLLBACK to v0.4.0


        READY TO ROLLBACK
